// Jest Snapshot v1, https://goo.gl/fbAQLP

exports[`renders PlayerList component 1`] = `undefined`;
